
> student-data-mining-frontend@0.0.1 test
> jest --watchAll=false

node.exe : PASS src/__tests__/example.test.js
At line:1 char:1
+ & "E:\Node Js/node.exe" "E:\Node Js/node_modules/npm/bin/npm-cli.js"  
...
+ ~~~~~~~~~~~~~~~~~~~~~~~~~~~~~~~~~~~~~~~~~~~~~~~~~~~~~~~~~~~~~~~~~~~~~
    + CategoryInfo          : NotSpecified: (PASS src/__tests__/example.t 
   est.js:String) [], RemoteException
    + FullyQualifiedErrorId : NativeCommandError
 
PASS src/__tests__/api.test.js
FAIL src/__tests__/auth.test.js
  ● Test suite failed to run

    Jest encountered an unexpected token

    Jest failed to parse a file. This happens e.g. when your code or its 
dependencies use non-standard JavaScript syntax, or when Jest is not 
configured to support such syntax.

    Out of the box Jest supports Babel, which will be used to transform 
your files into valid JS based on your Babel configuration.

    By default "node_modules" folder is ignored by transformers.

    Here's what you can do:
     • If you are trying to use ECMAScript Modules, see 
https://jestjs.io/docs/ecmascript-modules for how to enable it.
     • If you are trying to use TypeScript, see 
https://jestjs.io/docs/getting-started#using-typescript
     • To have some of your "node_modules" files transformed, you can 
specify a custom "transformIgnorePatterns" in your config.
     • If you need a custom transformation, specify a "transform" option 
in your config.
     • If you simply want to mock your non-JS modules (e.g. binary 
assets) you can stub them out with the "moduleNameMapper" config option.

    You'll find more details and examples of these config options in the 
docs:
    https://jestjs.io/docs/configuration
    For information about custom transformations, see:
    https://jestjs.io/docs/code-transformation

    Details:

    E:\XAMP\htdocs\StudentDataMining\frontend\src\config.js:7
    const API_BASE = exports.API_BASE = import.meta.env.VITE_API_BASE_URL 
|| 'http://localhost/StudentDataMining/backend/api';
                                               ^^^^

    SyntaxError: Cannot use 'import.meta' outside a module

    [0m [90m 4 |[39m [36mconst[39m [33mAuthContext[39m [33m=[39m 
createContext()
     [90m 5 |[39m
    [31m[1m>[22m[39m[90m 6 |[39m [36mimport[39m { 
[33mAPI_BASE[39m } [36mfrom[39m [32m'../config'[39m
     [90m   |[39m [31m[1m^[22m[39m
     [90m 7 |[39m
     [90m 8 |[39m [36mexport[39m [36mfunction[39m 
[33mAuthProvider[39m({ children }) {
     [90m 9 |[39m     [36mconst[39m [user[33m,[39m setUser] 
[33m=[39m useState([36mnull[39m)[0m

      at Runtime.createScriptFromCode 
(node_modules/jest-runtime/build/index.js:1318:40)
      at Object.require (src/context/AuthContext.jsx:6:1)
      at requireActual (src/__tests__/auth.test.js:19:33)
      at Object.require (src/components/Login/LoginCard.jsx:3:1)
      at Object.require (src/__tests__/auth.test.js:3:1)

PASS src/__tests__/integration.test.js
FAIL src/__tests__/TeacherManagement.test.js
  ● Teacher Management Feature › CREATE: Adds new teacher

    TestingLibraryElementError: Unable to find an accessible element with 
the role "button"

    Here are the accessible roles:

      paragraph:

      Name "":
      [36m<p />[39m

      --------------------------------------------------

    Ignored nodes: comments, script, style
    [36m<body>[39m
      [36m<div>[39m
        [36m<div[39m
          [33mclass[39m=[32m"teacher-management"[39m
        [36m>[39m
          [36m<p>[39m
            [0mLoading teachers...[0m
          [36m</p>[39m
        [36m</div>[39m
      [36m</div>[39m
    [36m</body>[39m

    [0m [90m 57 |[39m         [90m// Open Modal - Use getAllByText if 
Role + Name fails due to complex children, or simply querySelector[39m
     [90m 58 |[39m         [90m// The button has <UserPlusIcon /> and 
text.[39m
    [31m[1m>[22m[39m[90m 59 |[39m         [36mconst[39m addBtn 
[33m=[39m 
screen[33m.[39mgetAllByRole([32m'button'[39m)[33m.[39mfind(btn 
[33m=>[39m btn[33m.[39mtextContent[33m.[39mincludes([32m'Add New 
Teacher'[39m))[33m;[39m
     [90m    |[39m                               [31m[1m^[22m[39m
     [90m 60 |[39m         [36mif[39m ([33m![39maddBtn) 
[36mthrow[39m [36mnew[39m [33mError[39m([32m'Add Teacher button 
not found'[39m)[33m;[39m
     [90m 61 |[39m         fireEvent[33m.[39mclick(addBtn)[33m;[39m
     [90m 62 |[39m[0m

      at Object.getElementError 
(node_modules/@testing-library/dom/dist/config.js:37:19)
      at node_modules/@testing-library/dom/dist/query-helpers.js:76:38
      at node_modules/@testing-library/dom/dist/query-helpers.js:109:15
      at Object.getAllByRole 
(src/__tests__/TeacherManagement.test.js:59:31)

FAIL src/__tests__/StudentManagement.test.js
  ● Console

    console.error
      Failed to fetch programs: TypeError: Cannot read properties of 
undefined (reading 'json')
          at json (E:\XAMP\htdocs\StudentDataMining\frontend\src\component
s\StudentManagement\StudentManagement.jsx:362:41)
          at processTicksAndRejections 
(node:internal/process/task_queues:103:5)

    [0m [90m 49 |[39m         [36mreturn[39m[33m;[39m
     [90m 50 |[39m     }
    [31m[1m>[22m[39m[90m 51 |[39m     
originalError[33m.[39mcall(console[33m,[39m 
[33m...[39margs)[33m;[39m
     [90m    |[39m                   [31m[1m^[22m[39m
     [90m 52 |[39m }[33m;[39m
     [90m 53 |[39m
     [90m 54 |[39m [90m// Mock Response for fetch[39m[0m

      at console.call [as error] (src/__tests__/setup.js:51:19)
      at error 
(src/components/StudentManagement/StudentManagement.jsx:367:21)

    console.error
      Failed to fetch programs: TypeError: Cannot read properties of 
undefined (reading 'json')
          at json (E:\XAMP\htdocs\StudentDataMining\frontend\src\component
s\StudentManagement\StudentManagement.jsx:362:41)

    [0m [90m 49 |[39m         [36mreturn[39m[33m;[39m
     [90m 50 |[39m     }
    [31m[1m>[22m[39m[90m 51 |[39m     
originalError[33m.[39mcall(console[33m,[39m 
[33m...[39margs)[33m;[39m
     [90m    |[39m                   [31m[1m^[22m[39m
     [90m 52 |[39m }[33m;[39m
     [90m 53 |[39m
     [90m 54 |[39m [90m// Mock Response for fetch[39m[0m

      at console.call [as error] (src/__tests__/setup.js:51:19)
      at error 
(src/components/StudentManagement/StudentManagement.jsx:367:21)

    console.error
      Failed to fetch programs: TypeError: Cannot read properties of 
undefined (reading 'json')
          at json (E:\XAMP\htdocs\StudentDataMining\frontend\src\component
s\StudentManagement\StudentManagement.jsx:362:41)

    [0m [90m 49 |[39m         [36mreturn[39m[33m;[39m
     [90m 50 |[39m     }
    [31m[1m>[22m[39m[90m 51 |[39m     
originalError[33m.[39mcall(console[33m,[39m 
[33m...[39margs)[33m;[39m
     [90m    |[39m                   [31m[1m^[22m[39m
     [90m 52 |[39m }[33m;[39m
     [90m 53 |[39m
     [90m 54 |[39m [90m// Mock Response for fetch[39m[0m

      at console.call [as error] (src/__tests__/setup.js:51:19)
      at error 
(src/components/StudentManagement/StudentManagement.jsx:367:21)

  ● Student Management Feature › READ: Loads students list on mount

    expect(jest.fn()).toHaveBeenCalledWith(...expected)

    Expected: StringContaining "/students.php", ObjectContaining 
{"method": "GET"}
    Received
           1: "http://localhost/api/students.php?page=1&limit=20", 
{"headers": {"Authorization": "Bearer mock-token"}}
           2: "http://localhost/api/programs.php?active=true", 
{"headers": {"Authorization": "Bearer mock-token"}}

    Number of calls: 2

    [0m [90m 48 |[39m         })[33m;[39m
     [90m 49 |[39m
    [31m[1m>[22m[39m[90m 50 |[39m         
expect(global[33m.[39mfetch)[33m.[39mtoHaveBeenCalledWith(
     [90m    |[39m                              [31m[1m^[22m[39m
     [90m 51 |[39m             
expect[33m.[39mstringContaining([32m'/students.php'[39m)[33m,[39m
     [90m 52 |[39m             expect[33m.[39mobjectContaining({ 
method[33m:[39m [32m'GET'[39m })
     [90m 53 |[39m         )[33m;[39m[0m

      at Object.toHaveBeenCalledWith 
(src/__tests__/StudentManagement.test.js:50:30)

  ● Student Management Feature › CREATE: Adds new student successfully

    TestingLibraryElementError: Unable to find an element with the 
placeholder text of: /john@example.com/i

    Ignored nodes: comments, script, style
    [36m<body>[39m
      [36m<div>[39m
        [36m<div[39m
          [33mclass[39m=[32m"student-management"[39m
        [36m>[39m
          [36m<div[39m
            [33mclass[39m=[32m"student-management-header"[39m
          [36m>[39m
            [36m<h2[39m
              [33mclass[39m=[32m"student-management-title"[39m
            [36m>[39m
              [0mStudent Management[0m
            [36m</h2>[39m
            [36m<button[39m
              [33mclass[39m=[32m"btn-add"[39m
            [36m>[39m
              [36m<svg[39m
                [33mfill[39m=[32m"none"[39m
                [33mstroke[39m=[32m"currentColor"[39m
                [33mstroke-linecap[39m=[32m"round"[39m
                [33mstroke-linejoin[39m=[32m"round"[39m
                [33mstroke-width[39m=[32m"2"[39m
                [33mviewBox[39m=[32m"0 0 24 24"[39m
              [36m>[39m
                [36m<line[39m
                  [33mx1[39m=[32m"12"[39m
                  [33mx2[39m=[32m"12"[39m
                  [33my1[39m=[32m"5"[39m
                  [33my2[39m=[32m"19"[39m
                [36m/>[39m
                [36m<line[39m
                  [33mx1[39m=[32m"5"[39m
                  [33mx2[39m=[32m"19"[39m
                  [33my1[39m=[32m"12"[39m
                  [33my2[39m=[32m"12"[39m
                [36m/>[39m
              [36m</svg>[39m
              [0mAdd Student[0m
            [36m</button>[39m
          [36m</div>[39m
          [36m<div[39m
            [33mclass[39m=[32m"student-filters"[39m
          [36m>[39m
            [36m<div[39m
              [33mclass[39m=[32m"search-input-wrapper"[39m
            [36m>[39m
              [36m<svg[39m
                [33mfill[39m=[32m"none"[39m
                [33mstroke[39m=[32m"currentColor"[39m
                [33mstroke-linecap[39m=[32m"round"[39m
                [33mstroke-linejoin[39m=[32m"round"[39m
                [33mstroke-width[39m=[32m"2"[39m
                [33mviewBox[39m=[32m"0 0 24 24"[39m
              [36m>[39m
                [36m<circle[39m
                  [33mcx[39m=[32m"11"[39m
                  [33mcy[39m=[32m"11"[39m
                  [33mr[39m=[32m"8"[39m
                [36m/>[39m
                [36m<line[39m
                  [33mx1[39m=[32m"21"[39m
                  [33mx2[39m=[32m"16.65"[39m
                  [33my1[39m=[32m"21"[39m
                  [33my2[39m=[32m"16.65"[39m
                [36m/>[39m
              [36m</svg>[39m
              [36m<input[39m
                [33mclass[39m=[32m"search-input"[39m
                [33mplaceholder[39m=[32m"Search by name, email, or 
student ID..."[39m
                [33mtype[39m=[32m"text"[39m
                [33mvalue[39m=[32m""[39m
              [36m/>[39m
            [36m</div>[39m
            [36m<select[39m
              [33mclass[39m=[32m"filter-select"[39m
            [36m>[39m
              [36m<option[39m
                [33mvalue[39m=[32m""[39m
              [36m>[39m
                [0mAll Roles[0m
              [36m</option>[39m
              [36m<option[39m
                [33mvalue[39m=[32m"student"[39m
              [36m>[39m
                [0mStudents[0m
              [36m</option>[39m
              [36m<option[39m
                [33mvalue[39m=[32m"admin"[39m
              [36m>[39m
                [0mAdmins[0m
              [36m</option>[39m
            [36m</select>[39m
          [36m</div>[39m
          [36m<div[39m
            [33mclass[39m=[32m"students-table-container"[39m
          [36m>[39m
            [36m<div[39m
              [33mclass[39m=[32m"skeleton-table-wrapper"[39m
            [36m>[39m
              [36m<table[39m
                [33mclass[39m=[32m"skeleton-table"[39m
              [36m>[39m
                [36m<thead>[39m
                  [36m<tr>[39m
                    [36m<th>[39m
                      [36m<div[39m
                        [33mclass[39m=[32m"skeleton-line shimmer"[39m
                      [36m/>[39m
                    [36m</th>[39m
                    [36m<th>[39m
                      [36m<div[39m
                        [33mclass[39m=[32m"skeleton-line shimmer"[39m
                      [36m/>[39m
                    [36m</th>[39m
                    [36m<th>[39m
                      [36m<div[39m
                        [33mclass[39m=[32m"skeleton-line shimmer"[39m
                      [36m/>[39m
                    [36m</th>[39m
                    [36m<th>[39m
                      [36m<div[39m
                        [33mclass[39m=[32m"skeleton-line shimmer"[39m
                      [36m/>[39m
                    [36m</th>[39m
                    [36m<th>[39m
                      [36m<div[39m
                        [33mclass[39m=[32m"skeleton-line shimmer"[39m
                      [36m/>[39m
                    [36m</th>[39m
                    [36m<th>[39m
                      [36m<div[39m
                        [33mclass[39m=[32m"skeleton-line shimmer"[39m
                      [36m/>[39m
                    [36m</th>[39m
                    [36m<th>[39m
                      [36m<div[39m
                        [33mclass[39m=[32m"skeleton-line shimmer"[39m
                      [36m/>[39m
                    [36m</th>[39m
                  [36m</tr>[39m
                [36m</thead>[39m
                [36m<tbody>[39m
                  [36m<tr>[39m
                    [36m<td>[39m
                      [36m<div[39m
                        [33mclass[39m=[32m"skeleton-line shimmer 
lead"[39m
                      [36m/>[39m
                    [36m</td>[39m
                    [36m<td>[39m
                      [36m<div[39m
                        [33mclass[39m=[32m"skeleton-line shimmer "[39m
                      [36m/>[39m
                    [36m</td>[39m
                    [36m<td>[39m
                      [36m<div[39m
                        [33mclass[39m=[32m"skeleton-line shimmer "[39m
                      [36m/>[39m
                    [36m</td>[39m
                    [36m<td>[39m
                      [36m<div[39m
                        [33mclass[39m=[32m"skeleton-line shimmer "[39m
                      [36m/>[39m
                    [36m</td>[39m
                    [36m<td>[39m
                      [36m<div[39m
                        [33mclass[39m=[32m"skeleton-line shimmer "[39m
                      [36m/>[39m
                    [36m</td>[39m
                    [36m<td>[39m
                      [36m<div[39m
                        [33mclass[39m=[32m"skeleton-line shimmer "[39m
                      [36m/>[39m
                    [36m</td>[39m
                    [36m<td>[39m
                      [36m<div[39m
                        [33mclass[39m=[32m"skeleton-line shimmer "[39m
                      [36m/>[39m
                    [36m</td>[39m
                  [36m</tr>[39m
                  [36m<tr>[39m
                    [36m<td>[39m
                      [36m<div[39m
                        [33mclass[39m=[32m"skeleton-line shimmer 
lead"[39m
                      [36m/>[39m
                    [36m</td>[39m
                    [36m<td>[39m
                      [36m<div[39m
                        [33mclass[39m=[32m"skeleton-line shimmer "[39m
                      [36m/>[39m
                    [36m</td>[39m
          ...

    [0m [90m 72 |[39m         [90m// Fill form[39m
     [90m 73 |[39m         fireEvent[33m.[39mchange(screen[33m.[39mg
etByPlaceholderText([35m/John Doe/i[39m)[33m,[39m { target[33m:[39m 
{ value[33m:[39m [32m'New User'[39m } })[33m;[39m
    [31m[1m>[22m[39m[90m 74 |[39m         fireEvent[33m.[39mchange
(screen[33m.[39mgetByPlaceholderText([35m/john@example.com/i[39m)[33m
,[39m { target[33m:[39m { value[33m:[39m [32m'new@example.com'[39m 
} })[33m;[39m
     [90m    |[39m                                 [31m[1m^[22m[39m
     [90m 75 |[39m         fireEvent[33m.[39mchange(screen[33m.[39mg
etByPlaceholderText([35m/S12345/i[39m)[33m,[39m { target[33m:[39m { 
value[33m:[39m [32m'S999'[39m } })[33m;[39m
     [90m 76 |[39m
     [90m 77 |[39m         [90m// Mock success response[39m[0m

      at Object.getElementError 
(node_modules/@testing-library/dom/dist/config.js:37:19)
      at node_modules/@testing-library/dom/dist/query-helpers.js:76:38
      at node_modules/@testing-library/dom/dist/query-helpers.js:52:17
      at node_modules/@testing-library/dom/dist/query-helpers.js:95:19
      at Object.getByPlaceholderText 
(src/__tests__/StudentManagement.test.js:74:33)

  ● Student Management Feature › DELETE: Removes student

    expect(jest.fn()).toHaveBeenCalledWith(...expected)

    Expected: StringContaining "/students.php?id=1", ObjectContaining 
{"method": "DELETE"}
    Received
           1: "http://localhost/api/students.php?page=1&limit=20", 
{"headers": {"Authorization": "Bearer mock-token"}}
           2: "http://localhost/api/programs.php?active=true", 
{"headers": {"Authorization": "Bearer mock-token"}}

    Number of calls: 2

    Ignored nodes: comments, script, style
    [36m<html>[39m
      [36m<head />[39m
      [36m<body>[39m
        [36m<div>[39m
          [36m<div[39m
            [33mclass[39m=[32m"student-management"[39m
          [36m>[39m
            [36m<div[39m
              [33mclass[39m=[32m"student-management-header"[39m
            [36m>[39m
              [36m<h2[39m
                [33mclass[39m=[32m"student-management-title"[39m
              [36m>[39m
                [0mStudent Management[0m
              [36m</h2>[39m
              [36m<button[39m
                [33mclass[39m=[32m"btn-add"[39m
              [36m>[39m
                [36m<svg[39m
                  [33mfill[39m=[32m"none"[39m
                  [33mstroke[39m=[32m"currentColor"[39m
                  [33mstroke-linecap[39m=[32m"round"[39m
                  [33mstroke-linejoin[39m=[32m"round"[39m
                  [33mstroke-width[39m=[32m"2"[39m
                  [33mviewBox[39m=[32m"0 0 24 24"[39m
                [36m>[39m
                  [36m<line[39m
                    [33mx1[39m=[32m"12"[39m
                    [33mx2[39m=[32m"12"[39m
                    [33my1[39m=[32m"5"[39m
                    [33my2[39m=[32m"19"[39m
                  [36m/>[39m
                  [36m<line[39m
                    [33mx1[39m=[32m"5"[39m
                    [33mx2[39m=[32m"19"[39m
                    [33my1[39m=[32m"12"[39m
                    [33my2[39m=[32m"12"[39m
                  [36m/>[39m
                [36m</svg>[39m
                [0mAdd Student[0m
              [36m</button>[39m
            [36m</div>[39m
            [36m<div[39m
              [33mclass[39m=[32m"student-filters"[39m
            [36m>[39m
              [36m<div[39m
                [33mclass[39m=[32m"search-input-wrapper"[39m
              [36m>[39m
                [36m<svg[39m
                  [33mfill[39m=[32m"none"[39m
                  [33mstroke[39m=[32m"currentColor"[39m
                  [33mstroke-linecap[39m=[32m"round"[39m
                  [33mstroke-linejoin[39m=[32m"round"[39m
                  [33mstroke-width[39m=[32m"2"[39m
                  [33mviewBox[39m=[32m"0 0 24 24"[39m
                [36m>[39m
                  [36m<circle[39m
                    [33mcx[39m=[32m"11"[39m
                    [33mcy[39m=[32m"11"[39m
                    [33mr[39m=[32m"8"[39m
                  [36m/>[39m
                  [36m<line[39m
                    [33mx1[39m=[32m"21"[39m
                    [33mx2[39m=[32m"16.65"[39m
                    [33my1[39m=[32m"21"[39m
                    [33my2[39m=[32m"16.65"[39m
                  [36m/>[39m
                [36m</svg>[39m
                [36m<input[39m
                  [33mclass[39m=[32m"search-input"[39m
                  [33mplaceholder[39m=[32m"Search by name, email, or 
student ID..."[39m
                  [33mtype[39m=[32m"text"[39m
                  [33mvalue[39m=[32m""[39m
                [36m/>[39m
              [36m</div>[39m
              [36m<select[39m
                [33mclass[39m=[32m"filter-select"[39m
              [36m>[39m
                [36m<option[39m
                  [33mvalue[39m=[32m""[39m
                [36m>[39m
                  [0mAll Roles[0m
                [36m</option>[39m
                [36m<option[39m
                  [33mvalue[39m=[32m"student"[39m
                [36m>[39m
                  [0mStudents[0m
                [36m</option>[39m
                [36m<option[39m
                  [33mvalue[39m=[32m"admin"[39m
                [36m>[39m
                  [0mAdmins[0m
                [36m</option>[39m
              [36m</select>[39m
            [36m</div>[39m
            [36m<div[39m
              [33mclass[39m=[32m"students-table-container"[39m
            [36m>[39m
              [36m<table[39m
                [33mclass[39m=[32m"students-table"[39m
              [36m>[39m
                [36m<thead>[39m
                  [36m<tr>[39m
                    [36m<th[39m
                      [33mclass[39m=[32m"text-left"[39m
                    [36m>[39m
                      [0mStudent[0m
                    [36m</th>[39m
                    [36m<th[39m
                      [33mclass[39m=[32m"text-right"[39m
                    [36m>[39m
                      [0mStudent ID[0m
                    [36m</th>[39m
                    [36m<th[39m
                      [33mclass[39m=[32m"text-center"[39m
                    [36m>[39m
                      [0mRole[0m
                    [36m</th>[39m
                    [36m<th[39m
                      [33mclass[39m=[32m"text-left"[39m
                    [36m>[39m
                      [0mDept.[0m
                    [36m</th>[39m
                    [36m<th[39m
                      [33mclass[39m=[32m"text-center"[39m
                    [36m>[39m
                      [0mStatus[0m
                    [36m</th>[39m
                    [36m<th[39m
                      [33mclass[39m=[32m"text-right"[39m
                    [36m>[39m
                      [0mLast Login[0m
                    [36m</th>[39m
                    [36m<th[39m
                      [33mclass[39m=[32m"text-center"[39m
                    [36m>[39m
                      [0mActions[0m
                    [36m</th>[39m
                  [36m</tr>[39m
                [36m</thead>[39m
                [36m<tbody>[39m
                  [36m<tr>[39m
                    [36m<td>[39m
                      [36m<div[39m
                        [33mclass[39m=[32m"student-profile-tile"[39m
                      [36m>[39m
                        [36m<div[39m
                          [33mclass[39m=[32m"circular-avatar"[39m
                          [33mdata-color[39m=[32m"amber"[39m
                          [33mtitle[39m=[32m"John Doe"[39m
                        [36m>[39m
                          [0mJD[0m
                        [36m</div>[39m
                        [36m<div[39m
                          
[33mclass[39m=[32m"student-details-modern"[39m
                        [36m>[39m
                          [36m<span[39m
                            
[33mclass[39m=[32m"student-name-modern"[39m
                          [36m>[39m
                            [0mJohn Doe[0m
                          [36m</span>[39m
                          [36m<span[39m
                            
[33mclass[39m=[32m"student-email-modern"[39m
                          [36m>[39m
                            [0mjohn@example.com[0m
                          [36m</span>[39m
                        [36m</div>[39m
                      [36m</div>[39m
                    [36m</td>[39m
                    [36m<td[39m
                      [33mclass[39m=[32m"text-center"[39m
                    [36m>[39m
                      [36m<span[39m
                        [33mclass[39m=[32m"student-id-cell"[39m
                      [36m>[39m
                        [0mS001[0m
                      [36m</span>[39m
                    [36m</td>[39m
                    [36m<td[39m
                      [33mclass[39m=[32m"text-center"[39m
                    [36m>[39m
                      [36m<span[39m
                        [33mclass[39m=[32m"role-pill student"[39m
                      [36m>[39m
                        [0mstudent[0m
                      [36m</span>[39m
                    [36m</td>[39m
                    [36m<td[39m
                      [33mclass[39m=[32m"text-center"[39m
                    [36m>[39m
                      [36m<span[39m
                        [33mclass[39m=[32m"dept-cell"[39m
                      [36m>[39m
                        [0m—[0m
                      [36m</span>[39m
                    [36m</td>[39m
                    [36m<td[39m
                      [33mclass[39m=[32m"text-center"[39m
                    [36m>[39m
                      [36m<button[39m
                        [33mclass[39m=[32m"status-pill active"[39m
                        [33mtitle[39m=[32m"Click to deactivate"[39m
                      [36m>[39m
                        [36m<span[39m
                          [33mclass[39m=[32m"status-dot"[39m
                        [36m/>[39m
                        [0mActive[0m
                      [36m</button>[39m
                    [36m</td>[39m
                    [36m<td[39m
                      [33mclass[39m=[32m"text-center"[39m
                    [36m>[39m
                      [36m<span[39m
                        [33mclass[39m=[32m"last-login-cell never"[39m
                      [36m>[39m
                        [0mNever[0m
                      [36m</span>[39m
                    [36m</td>[39m
                    [36m<td[39m
                      [33mclass[39m=[32m"text-center"[39m
                    [36m>[39m
                      [36m<div[39m
                        [33mclass[39m=[32m"action-buttons-modern"[39m
                      [36m>[39m
                        [36m<button[39m
                          [33mclass[39m=[32m"btn-action-modern"[39m
                          [33mtitle[39m=[32m"Edit student"[39m
                        [36m>[39m
                          [36m<svg[39m
                            [33mfill[39m=[32m"none"[39m
                            [33mstroke[39m=[32m"currentColor"[39m
                            [33mstroke-linecap[39m=[32m"round"[39m
                            [33mstroke-linejoin[39m=[32m"round"[39m
                            [33mstroke-width[39m=[32m"2"[39m
                            [33mviewBox[39m=[32m"0 0 24 24"[39m
                          [36m>[39m
                            [36m<path[39m
                              [33md[39m=[32m"M11 4H4a2 2 0 0 0-2 
2v14a2 2 0 0 0 2 2h14a2 2 0 0 0 2-2v-7"[39m
                            [36m/>[39m
                            [36m<path[39m
                              [33md[39m=[32m"M18.5 2.5a2.121 2.121 0 0 
1 3 3L12 15l-4 1 1-4 9.5-9.5z"[39m
                            [36m/>[39m
                          [36m</svg>[39m
                        [36m</button>[39m
                        [36m<button[39m
                          [33mclass[39m=[32m"btn-action-modern 
delete"[39m
                          [33mtitle[39m=[32m"Delete student"[39m
                        [36m>[39m
                          [36m<svg[39m
                            [33mfill[39m=[32m"none"[39m
                            [33mstroke[39m=[32m"currentColor"[39m
                            [33mstroke-linecap[39m=[32m"round"[39m
                            [33mstroke-linejoin[39m=[32m"round"[39m
                            [33mstroke-width[39m=[32m"2"[39m
                            [33mviewBox[39m=[32m"0 0 24 24"[39m
                          [36m>[39m
                            [36m<polyline[39m
                              [33mpoints[39m=[32m"3 6 5 6 21 6"[39m
                            [36m/>[39m
                            [36m<path[39m
                              [33md[39m=[32m"M19 6v14a2 2 0 0 1-2 
2H7a2 2 0 0 1-2-2V6m3 0V4a2 2 0 0 1 2-2h4a2 2 0 0 1 2 2v2"[39m
                            [36m/>[39m
                          [36m</svg>[39m
                        [36m</button>[39m
                      [36m</div>[39m
                    [36m</td>[39m
                  [36m</tr>[39m
                [36m</tbody>[39m
              [36m</table>[39m
              [36m<div[39m
                [33mclass[39m=[32m"pagination"[39m
              [36m>[39m
                [36m<div[39m
                  [33mclass[39m=[32m"pagination-info"[39m
                [36m>[39m
                  [0mShowing [0m
                  [0m1[0m
                  [0m of [0m
                  [0m1[0m
                  [0m users[0m
                [36m</div>[39m
                [36m<div[39m
                  [33mclass[39m=[32m"pagination-buttons"[39m
                [36m>[39m
                  [36m<button[39m
                    [33mclass[39m=[32m"btn-page"[39m
                    [33mdisabled[39m=[32m""[39m
                  [36m>[39m
                    [0mPrevious[0m
                  [36m</button>[39m
                  [36m<button[39m
                    [33mclass[39m=[32m"btn-page"[39m
                  [36m>[39m
                    [0mNext[0m
                  [36m</button>[39m
                [36m</div>[39m
              [36m</div>[39m
            [36m</div>[39m
            [36m<div[39m
              [33mclass[39m=[32m"modal-overlay"[39m
            [36m>[39m
              [36m<div[39m
                [33mclass[39m=[32m"modal-content"[39m
              [36m>[39m
                [36m<div[39m
                  [33mclass[39m=[32m"modal-header"[39m
                [36m>[39m
                  [36m<h3[39m
                    [33mclass[39m=[32m"modal-title"[39m
                  [36m>[39m
                    [0mConfirm Deactivation[0m
                  [36m</h3>[39m
                  [36m<button[39m
                    [33mclass[39m=[32m"modal-close"[39m
                  [36m>[39m
                    [36m<svg[39m
                      [33mfill[39m=[32m"none"[39m
                      [33mstroke[39m=[32m"currentColor"[39m
                      [33mstroke-linecap[39m=[32m"round"[39m
                      [33mstroke-linejoin[39m=[32m"round"[39m
                      [33mstroke-width[39m=[32m"2"[39m
                      [33mviewBox[39m=[32m"0 0 24 24"[39m
                    [36m>[39m
                      [36m<line[39m
                        [33mx1[39m=[32m"18"[39m
                        [33mx2[39m=[32m"6"[39m
                        [33my1[39m=[32m"6"[39m
                        [33my2[39m=[32m"18"[39m
                      [36m/>[39m
                      [36m<line[39m
                        [33mx1[39m=[32m"6"[39m
                        [33mx2[39m=[32m"18"[39m
                        [33my1[39m=[32m"6"[39m
                        [33my2[39m=[32m"18"[39m
                      [36m/>[39m
                    [36m</svg>[39m
                  [36m</button>[39m
                [36m</div>[39m
                [36m<div[39m
                  [33mclass[39m=[32m"modal-body"[39m
                [36m>[39m
                  [36m<div[39m
                    [33mclass[39m=[32m"delete-confirmation"[39m
                  [36m>[39m
                    [36m<div[39m
                      [33mclass[39m=[32m"delete-confirmation-icon"[39m
                    [36m>[39m
                      [36m<svg[39m
                        [33mfill[39m=[32m"none"[39m
                        [33mstroke[39m=[32m"currentColor"[39m
                        [33mstroke-linecap[39m=[32m"round"[39m
                        [33mstroke-linejoin[39m=[32m"round"[39m
                        [33mstroke-width[39m=[32m"2"[39m
                        [33mviewBox[39m=[32m"0 0 24 24"[39m
                      [36m>[39m
                        [36m<path[39m
                          [33md[39m=[32m"M10.29 3.86L1.82 18a2 2 0 0 0 
1.71 3h16.94a2 2 0 0 0 1.71-3L13.71 3.86a2 2 0 0 0-3.42 0z"[39m
                        [36m/>[39m
                        [36m<line[39m
                          [33mx1[39m=[32m"12"[39m
                          [33mx2[39m=[32m"12"[39m
                          [33my1[39m=[32m"9"[39m
                          [33my2[39m=[32m"13"[39m
                        [36m/>[39m
                        [36m<line[39m
                          [33mx1[39m=[32m"12"[39m
                          [33mx2[39m=[32m"12.01"[39m
                          [33my1[39m=[32m"17"[39m
                          [33my2[39m=[32m"17"[39m
                        [36m/>[39m
                      [36m</svg>[39m
                    [36m</div>[39m
                    [36m<h3>[39m
                      [0mDeactivate this user?[0m
                    [36m</h3>[39m
                    [36m<p>[39m
                      [0mAre you sure you want to deactivate [0m
                      [36m<strong>[39m
                        [0mJohn Doe[0m
                      [36m</strong>[39m
                      [0m? They will no longer be able to log in.[0m
                    [36m</p>[39m
                  [36m</div>[39m
                [36m</div>[39m
                [36m<div[39m
                  [33mclass[39m=[32m"modal-footer"[39m
                [36m>[39m
                  [36m<button[39m
                    [33mclass[39m=[32m"btn-secondary"[39m
                  [36m>[39m
                    [0mCancel[0m
                  [36m</button>[39m
                  [36m<button[39m
                    [33mclass[39m=[32m"btn-danger"[39m
                  [36m>[39m
                    [0mDeactivate[0m
                  [36m</button>[39m
                [36m</div>[39m
              [36m</div>[39m
            [36m</div>[39m
          [36m</div>[39m
        [36m</div>[39m
      [36m</body>[39m
    [36m</html>[39m

    [0m [90m 132 |[39m
     [90m 133 |[39m             [36mawait[39m waitFor(() [33m=>[39m 
{
    [31m[1m>[22m[39m[90m 134 |[39m                 
expect(global[33m.[39mfetch)[33m.[39mtoHaveBeenCalledWith(
     [90m     |[39m                                      
[31m[1m^[22m[39m
     [90m 135 |[39m                     expect[33m.[39mstringContainin
g([32m'/students.php?id=1'[39m)[33m,[39m
     [90m 136 |[39m                     
expect[33m.[39mobjectContaining({ method[33m:[39m [32m'DELETE'[39m 
})
     [90m 137 |[39m                 )[33m;[39m[0m

      at toHaveBeenCalledWith 
(src/__tests__/StudentManagement.test.js:134:38)
      at runWithExpensiveErrorDiagnosticsDisabled 
(node_modules/@testing-library/dom/dist/config.js:47:12)
      at checkCallback 
(node_modules/@testing-library/dom/dist/wait-for.js:124:77)
      at checkRealTimersCallback 
(node_modules/@testing-library/dom/dist/wait-for.js:118:16)
      at Timeout.task [as _onTimeout] 
(node_modules/jsdom/lib/jsdom/browser/Window.js:579:19)

  ● Student Management Feature › SEARCH: Filters students

    TestingLibraryElementError: Unable to find an element with the 
placeholder text of: /Search students/i

    Ignored nodes: comments, script, style
    [36m<body>[39m
      [36m<div>[39m
        [36m<div[39m
          [33mclass[39m=[32m"student-management"[39m
        [36m>[39m
          [36m<div[39m
            [33mclass[39m=[32m"student-management-header"[39m
          [36m>[39m
            [36m<h2[39m
              [33mclass[39m=[32m"student-management-title"[39m
            [36m>[39m
              [0mStudent Management[0m
            [36m</h2>[39m
            [36m<button[39m
              [33mclass[39m=[32m"btn-add"[39m
            [36m>[39m
              [36m<svg[39m
                [33mfill[39m=[32m"none"[39m
                [33mstroke[39m=[32m"currentColor"[39m
                [33mstroke-linecap[39m=[32m"round"[39m
                [33mstroke-linejoin[39m=[32m"round"[39m
                [33mstroke-width[39m=[32m"2"[39m
                [33mviewBox[39m=[32m"0 0 24 24"[39m
              [36m>[39m
                [36m<line[39m
                  [33mx1[39m=[32m"12"[39m
                  [33mx2[39m=[32m"12"[39m
                  [33my1[39m=[32m"5"[39m
                  [33my2[39m=[32m"19"[39m
                [36m/>[39m
                [36m<line[39m
                  [33mx1[39m=[32m"5"[39m
                  [33mx2[39m=[32m"19"[39m
                  [33my1[39m=[32m"12"[39m
                  [33my2[39m=[32m"12"[39m
                [36m/>[39m
              [36m</svg>[39m
              [0mAdd Student[0m
            [36m</button>[39m
          [36m</div>[39m
          [36m<div[39m
            [33mclass[39m=[32m"student-filters"[39m
          [36m>[39m
            [36m<div[39m
              [33mclass[39m=[32m"search-input-wrapper"[39m
            [36m>[39m
              [36m<svg[39m
                [33mfill[39m=[32m"none"[39m
                [33mstroke[39m=[32m"currentColor"[39m
                [33mstroke-linecap[39m=[32m"round"[39m
                [33mstroke-linejoin[39m=[32m"round"[39m
                [33mstroke-width[39m=[32m"2"[39m
                [33mviewBox[39m=[32m"0 0 24 24"[39m
              [36m>[39m
                [36m<circle[39m
                  [33mcx[39m=[32m"11"[39m
                  [33mcy[39m=[32m"11"[39m
                  [33mr[39m=[32m"8"[39m
                [36m/>[39m
                [36m<line[39m
                  [33mx1[39m=[32m"21"[39m
                  [33mx2[39m=[32m"16.65"[39m
                  [33my1[39m=[32m"21"[39m
                  [33my2[39m=[32m"16.65"[39m
                [36m/>[39m
              [36m</svg>[39m
              [36m<input[39m
                [33mclass[39m=[32m"search-input"[39m
                [33mplaceholder[39m=[32m"Search by name, email, or 
student ID..."[39m
                [33mtype[39m=[32m"text"[39m
                [33mvalue[39m=[32m""[39m
              [36m/>[39m
            [36m</div>[39m
            [36m<select[39m
              [33mclass[39m=[32m"filter-select"[39m
            [36m>[39m
              [36m<option[39m
                [33mvalue[39m=[32m""[39m
              [36m>[39m
                [0mAll Roles[0m
              [36m</option>[39m
              [36m<option[39m
                [33mvalue[39m=[32m"student"[39m
              [36m>[39m
                [0mStudents[0m
              [36m</option>[39m
              [36m<option[39m
                [33mvalue[39m=[32m"admin"[39m
              [36m>[39m
                [0mAdmins[0m
              [36m</option>[39m
            [36m</select>[39m
          [36m</div>[39m
          [36m<div[39m
            [33mclass[39m=[32m"students-table-container"[39m
          [36m>[39m
            [36m<div[39m
              [33mclass[39m=[32m"skeleton-table-wrapper"[39m
            [36m>[39m
              [36m<table[39m
                [33mclass[39m=[32m"skeleton-table"[39m
              [36m>[39m
                [36m<thead>[39m
                  [36m<tr>[39m
                    [36m<th>[39m
                      [36m<div[39m
                        [33mclass[39m=[32m"skeleton-line shimmer"[39m
                      [36m/>[39m
                    [36m</th>[39m
                    [36m<th>[39m
                      [36m<div[39m
                        [33mclass[39m=[32m"skeleton-line shimmer"[39m
                      [36m/>[39m
                    [36m</th>[39m
                    [36m<th>[39m
                      [36m<div[39m
                        [33mclass[39m=[32m"skeleton-line shimmer"[39m
                      [36m/>[39m
                    [36m</th>[39m
                    [36m<th>[39m
                      [36m<div[39m
                        [33mclass[39m=[32m"skeleton-line shimmer"[39m
                      [36m/>[39m
                    [36m</th>[39m
                    [36m<th>[39m
                      [36m<div[39m
                        [33mclass[39m=[32m"skeleton-line shimmer"[39m
                      [36m/>[39m
                    [36m</th>[39m
                    [36m<th>[39m
                      [36m<div[39m
                        [33mclass[39m=[32m"skeleton-line shimmer"[39m
                      [36m/>[39m
                    [36m</th>[39m
                    [36m<th>[39m
                      [36m<div[39m
                        [33mclass[39m=[32m"skeleton-line shimmer"[39m
                      [36m/>[39m
                    [36m</th>[39m
                  [36m</tr>[39m
                [36m</thead>[39m
                [36m<tbody>[39m
                  [36m<tr>[39m
                    [36m<td>[39m
                      [36m<div[39m
                        [33mclass[39m=[32m"skeleton-line shimmer 
lead"[39m
                      [36m/>[39m
                    [36m</td>[39m
                    [36m<td>[39m
                      [36m<div[39m
                        [33mclass[39m=[32m"skeleton-line shimmer "[39m
                      [36m/>[39m
                    [36m</td>[39m
                    [36m<td>[39m
                      [36m<div[39m
                        [33mclass[39m=[32m"skeleton-line shimmer "[39m
                      [36m/>[39m
                    [36m</td>[39m
                    [36m<td>[39m
                      [36m<div[39m
                        [33mclass[39m=[32m"skeleton-line shimmer "[39m
                      [36m/>[39m
                    [36m</td>[39m
                    [36m<td>[39m
                      [36m<div[39m
                        [33mclass[39m=[32m"skeleton-line shimmer "[39m
                      [36m/>[39m
                    [36m</td>[39m
                    [36m<td>[39m
                      [36m<div[39m
                        [33mclass[39m=[32m"skeleton-line shimmer "[39m
                      [36m/>[39m
                    [36m</td>[39m
                    [36m<td>[39m
                      [36m<div[39m
                        [33mclass[39m=[32m"skeleton-line shimmer "[39m
                      [36m/>[39m
                    [36m</td>[39m
                  [36m</tr>[39m
                  [36m<tr>[39m
                    [36m<td>[39m
                      [36m<div[39m
                        [33mclass[39m=[32m"skeleton-line shimmer 
lead"[39m
                      [36m/>[39m
                    [36m</td>[39m
                    [36m<td>[39m
                      [36m<div[39m
                        [33mclass[39m=[32m"skeleton-line shimmer "[39m
                      [36m/>[39m
                    [36m</td>[39m
                    [36m<td>[39m
                      [36m<div[39m
                        [33mclass[39m=[32m"skeleton-line shimmer "[39m
                      [36m/>[39m
                    [36m</td>[39m
                    [36m<td>[39m
                      [36m<div[39m
                        [33mclass[39m=[32m"skeleton-line shimmer "[39m
                      [36m/>[39m
                    [36m</td>[39m
                    [36m<td>[39m
                      [36m<div[39m
                        [33mclass[39m=[32m"skeleton-line shimmer "[39m
                      [36m/>[39m
                    [36m</td>[39m
                    [36m<td>[39m
                      [36m<div[39m
                        [33mclass[39m=[32m"skeleton-line shimmer "[39m
                      [36m/>[39m
                    [36m</td>[39m
                    [36m<td>[39m
                      [36m<div[39m
                        [33mclass[39m=[32m"skeleton-line shimmer "[39m
                      [36m/>[39m
                    [36m</td>[39m
                  [36m</tr>[39m
                  [36m<tr>[39m
                    [36m<td>[39m
                      [36m<div[39m
                        [33mclass[39m=[32m"skeleton-line shimmer 
lead"[39m
                      [36m/>[39m
                    [36m</td>[39m
                    [36m<td>[39m
                      [36m<div[39m
                        [33mclass[39m=[32m"skeleton-line shimmer "[39m
                      [36m/>[39m
                    [36m</td>[39m
                    [36m<td>[39m
                      [36m<div[39m
                        [33mclass[39m=[32m"skeleton-line shimmer "[39m
                      [36m/>[39m
                    [36m</td>[39m
                    [36m<td>[39m
                      [36m<div[39m
                        [33mclass[39m=[32m"skeleton-line shimmer "[39m
                      [36m/>[39m
                    [36m</td>[39m
                    [36m<td>[39m
                      [36m<div[39m
                        [33mclass[39m=[32m"skeleton-line shimmer "[39m
                      [36m/>[39m
                    [36m</td>[39m
                    [36m<td>[39m
                      [36m<div[39m
                        [33mclass[39m=[32m"skeleton-line shimmer "[39m
                      [36m/>[39m
                    [36m</td>[39m
                    [36m<td>[39m
                      [36m<div[39m
                        [33mclass[39m=[32m"skeleton-line shimmer "[39m
                      [36m/>[39m
                    [36m</td>[39m
                  [36m</tr>[39m
                  [36m<tr>[39m
                    [36m<td>[39m
                      [36m<div[39m
                        [33mclass[39m=[32m"skeleton-line shimmer 
lead"[39m
                      [36m/>[39m
                    [36m</td>[39m
                    [36m<td>[39m
                      [36m<div[39m
                        [33mclass[39m=[32m"skeleton-line shimmer "[39m
                      [36m/>[39m
                    [36m</td>[39m
                    [36m<td>[39m
                      [36m<div[39m
                        [33mclass[39m=[32m"skeleton-line shimmer "[39m
                      [36m/>[39m
                    [36m</td>[39m
                    [36m<td>[39m
                      [36m<div[39m
                        [33mclass[39m=[32m"skeleton-line shimmer "[39m
                      [36m/>[39m
                    [36m</td>[39m
                    [36m<td>[39m
                      [36m<div[39m
                        [33mclass[39m=[32m"skeleton-line shimmer "[39m
                      [36m/>[39m
                    [36m</td>[39m
                    [36m<td>[39m
                      [36m<div[39m
                        [33mclass[39m=[32m"skeleton-line shimmer "[39m
                      [36m/>[39m
                    [36m</td>[39m
                    [36m<td>[39m
                      [36m<div[39m
                        [33mclass[39m=[32m"skeleton-line shimmer "[39m
                      [36m/>[39m
                    [36m</td>[39m
                  [36m</tr>[39m
                  [36m<tr>[39m
                    [36m<td>[39m
                      [36m<div[39m
                        [33mclass[39m=[32m"skeleton-line shimmer 
lead"[39m
                      [36m/>[39m
                    [36m</td>[39m
                    [36m<td>[39m
                      [36m<div[39m
                        [33mclass[39m=[32m"skeleton-line shimmer "[39m
                      [36m/>[39m
                    [36m</td>[39m
                    [36m<td>[39m
                      [36m<div[39m
                        [33mclass[39m=[32m"skeleton-line shimmer "[39m
                      [36m/>[39m
                    [36m</td>[39m
                    [36m<td>[39m
                      [36m<div[39m
                        [33mclass[39m=[32m"skeleton-line shimmer "[39m
                      [36m/>[39m
                    [36m</td>[39m
                    [36m<td>[39m
                      [36m<div[39m
                        [33mclass[39m=[32m"skeleton-line shimmer "[39m
                      [36m/>[39m
                    [36m</td>[39m
                    [36m<td>[39m
                      [36m<div[39m
                        [33mclass[39m=[32m"skeleton-line shimmer "[39m
                      [36m/>[39m
                    [36m</td>[39m
                    [36m<td>[39m
                      [36m<div[39m
                        [33mclass[39m=[32m"skeleton-line shimmer "[39m
                      [36m/>[39m
                    [36m</td>[39m
                  [36m</tr>[39m
                  [36m<tr>[39m
                    [36m<td>[39m
                      [36m<div[39m
                        [33mclass[39m=[32m"skeleton-line shimmer 
lead"[39m
                      [36m/>[39m
                    [36m</td>[39m
                    [36m<td>[39m
                      [36m<div[39m
                        [33mclass[39m=[32m"skeleton-line shimmer "[39m
                      [36m/>[39m
                    [36m</td>[39m
                    [36m<td>[39m
                      [36m<div[39m
                        [33mclass[39m=[32m"skeleton-line shimmer "[39m
                      [36m/>[39m
                    [36m</td>[39m
                    [36m<td>[39m
                      [36m<div[39m
                        [33mclass[39m=[32m"skeleton-line shimmer "[39m
                      [36m/>[39m
                    [36m</td>[39m
                    [36m<td>[39m
                      [36m<div[39m
                        [33mclass[39m=[32m"skeleton-line shimmer "[39m
                      [36m/>[39m
                    [36m</td>[39m
                    [36m<td>[39m
                      [36m<div[39m
                        [33mclass[39m=[32m"skeleton-line shimmer "[39m
                      [36m/>[39m
                    [36m</td>[39m
                    [36m<td>[39m
                      [36m<div[39m
                        [33mclass[39m=[32m"skeleton-line shimmer "[39m
                      [36m/>[39m
                    [36m</td>[39m
                  [36m</tr>[39m
                  [36m<tr>[39m
                    [36m<td>[39m
                      [36m<div[39m
                        [33mclass[39m=[32m"skeleton-line shimmer 
lead"[39m
                      [36m/>[39m
                    [36m</td>[39m
                    [36m<td>[39m
                      [36m<div[39m
                        [33mclass[39m=[32m"skeleton-line shimmer "[39m
                      [36m/>[39m
                    [36m</td>[39m
                    [36m<td>[39m
                      [36m<div[39m
                        [33mclass[39m=[32m"skeleton-line shimmer "[39m
                      [36m/>[39m
                    [36m</td>[39m
                    [36m<td>[39m
                      [36m<div[39m
                        [33mclass[39m=[32m"skeleton-line shimmer "[39m
                      [36m/>[39m
                    [36m</td>[39m
                    [36m<td>[39m
                      [36m<div[39m
                        [33mclass[39m=[32m"skeleton-line shimmer "[39m
                      [36m/>[39m
                    [36m</td>[39m
                    [36m<td>[39m
                      [36m<div[39m
                        [33mclass[39m=[32m"skeleton-line shimmer "[39m
                      [36m/>[39m
                    [36m</td>[39m
                    [36m<td>[39m
                      [36m<div[39m
                        [33mclass[39m=[32m"skeleton-line shimmer "[39m
                      [36m/>[39m
                    [36m</td>[39m
                  [36m</tr>[39m
                  [36m<tr>[39m
                    [36m<td>[39m
                      [36m<div[39m
                        [33mclass[39m=[32m"skeleton-line shimmer 
lead"[39m
                      [36m/>[39m
                    [36m</td>[39m
                    [36m<td>[39m
                      [36m<div[39m
                        [33mclass[39m=[32m"skeleton-line shimmer "[39m
                      [36m/>[39m
                    [36m</td>[39m
                    [36m<td>[39m
                      [36m<div[39m
                        [33mclass[39m=[32m"skeleton-line shimmer "[39m
                      [36m/>[39m
                    [36m</td>[39m
                    [36m<td>[39m
                      [36m<div[39m
                        [33mclass[39m=[32m"skeleton-line shimmer "[39m
                      [36m/>[39m
                    [36m</td>[39m
                    [36m<td>[39m
                      [36m<div[39m
                        [33mclass[39m=[32m"skeleton-line shimmer "[39m
                      [36m/>[39m
                    [36m</td>[39m
                    [36m<td>[39m
                      [36m<div[39m
                        [33mclass[39m=[32m"skeleton-line shimmer "[39m
                      [36m/>[39m
                    [36m</td>[39m
                    [36m<td>[39m
                      [36m<div[39m
                        [33mclass[39m=[32m"skeleton-line shimmer "[39m
                      [36m/>[39m
                    [36m</td>[39m
                  [36m</tr>[39m
                  [36m<tr>[39m
                    [36m<td>[39m
                      [36m<div[39m
                        [33mclass[39m=[32m"skeleton-line shimmer 
lead"[39m
                      [36m/>[39m
                    [36m</td>[39m
                    [36m<td>[39m
                      [36m<div[39m
                        [33mclass[39m=[32m"skeleton-line shimmer "[39m
                      [36m/>[39m
                    [36m</td>[39m
                    [36m<td>[39m
                      [36m<div[39m
                        [33mclass[39m=[32m"skeleton-line shimmer "[39m
                      [36m/>[39m
                    [36m</td>[39m
                    [36m<td>[39m
                      [36m<div[39m
                        [33mclass[39m=[32m"skeleton-line shimmer "[39m
                      [36m/>[39m
                    [36m</td>[39m
                    [36m<td>[39m
                      [36m<div[39m
                        [33mclass[39m=[32m"skeleton-line shimmer "[39m
                      [36m/>[39m
                    [36m</td>[39m
                    [36m<td>[39m
                      [36m<div[39m
                        [33mclass[39m=[32m"skeleton-line shimmer "[39m
                      [36m/>[39m
                    [36m</td>[39m
                    [36m<td>[39m
                      [36m<div[39m
                        [33mclass[39m=[32m"skeleton-line shimmer "[39m
                      [36m/>[39m
                    [36m</td>[39m
                  [36m</tr>[39m
                  [36m<tr>[39m
                    [36m<td>[39m
                      [36m<div[39m
                        [33mclass[39m=[32m"skeleton-line shimmer 
lead"[39m
                      [36m/>[39m
                    [36m</td>[39m
                    [36m<td>[39m
                      [36m<div[39m
                        [33mclass[39m=[32m"skeleton-line shimmer "[39m
                      [36m/>[39m
                    [36m</td>[39m
                    [36m<td>[39m
                      [36m<div[39m
                        [33mclass[39m=[32m"skeleton-line shimmer "[39m
                      [36m/>[39m
                    [36m</td>[39m
                    [36m<td>[39m
                      [36m<div[39m
                        [33mclass[39m=[32m"skeleton-line shimmer "[39m
                      [36m/>[39m
                    [36m</td>[39m
                    [36m<td>[39m
                      [36m<div[39m
                        [33mclass[39m=[32m"skeleton-line shimmer "[39m
                      [36m/>[39m
                    [36m</td>[39m
                    [36m<td>[39m
                      [36m<div[39m
                        [33mclass[39m=[32m"skeleton-line shimmer "[39m
                      [36m/>[39m
                    [36m</td>[39m
                    [36m<td>[39m
                      [36m<div[39m
                        [33mclass[39m=[32m"skeleton-line shimmer "[39m
                      [36m/>[39m
                    [36m</td>[39m
                  [36m</tr>[39m
                [36m</tbody>[39m
              [36m</table>[39m
            [36m</div>[39m
          [36m</div>[39m
        [36m</div>[39m
      [36m</div>[39m
    [36m</body>[39m

    [0m [90m 152 |[39m         )[33m;[39m
     [90m 153 |[39m
    [31m[1m>[22m[39m[90m 154 |[39m         [36mconst[39m 
searchInput [33m=[39m 
screen[33m.[39mgetByPlaceholderText([35m/Search 
students/i[39m)[33m;[39m
     [90m     |[39m                                    
[31m[1m^[22m[39m
     [90m 155 |[39m         
fireEvent[33m.[39mchange(searchInput[33m,[39m { target[33m:[39m { 
value[33m:[39m [32m'John'[39m } })[33m;[39m
     [90m 156 |[39m
     [90m 157 |[39m         [90m// Expect debounced call? or 
direct[39m[0m

      at Object.getElementError 
(node_modules/@testing-library/dom/dist/config.js:37:19)
      at node_modules/@testing-library/dom/dist/query-helpers.js:76:38
      at node_modules/@testing-library/dom/dist/query-helpers.js:52:17
      at node_modules/@testing-library/dom/dist/query-helpers.js:95:19
      at Object.getByPlaceholderText 
(src/__tests__/StudentManagement.test.js:154:36)

Test Suites: 3 failed, 3 passed, 6 total
Tests:       5 failed, 13 passed, 18 total
Snapshots:   0 total
Time:        3.078 s
Ran all test suites.
